
> nx run betterangels:build-list

★ [1meas-cli@16.24.1[22m [1mis now available.[22m
[2mTo upgrade, run:[22m
[2m[1mnpm install -g eas-cli[22m[2m[22m
[2mProceeding with outdated version.[22m

★ [1meas-cli@16.24.1[22m [1mis now available.[22m
[2mTo upgrade, run:[22m
[2m[1mnpm install -g eas-cli[22m[2m[22m
[2mProceeding with outdated version.[22m

[
  {
    "id": "c729bebd-ee5e-40db-b52d-d3eb5c89956d",
    "status": "FINISHED",
    "platform": "ANDROID",
    "artifacts": {
      "buildUrl": "https://expo.dev/artifacts/eas/qAqxRY4aJq8sM8r7PgHik4.aab",
      "applicationArchiveUrl": "https://expo.dev/artifacts/eas/qAqxRY4aJq8sM8r7PgHik4.aab"
    },
    "initiatingActor": {
      "id": "8216d5f5-3aca-4788-b200-5d29a99fe61f",
      "displayName": "GitHub Actions"
    },
    "project": {
      "id": "53171ba4-60ca-40cb-b3e6-b0c2393677b8",
      "name": "BetterAngels",
      "slug": "betterangels",
      "ownerAccount": {
        "id": "60838dbc-7415-43b4-8c53-7595ae3d4e2e",
        "name": "better-angels"
      }
    },
    "channel": "production",
    "distribution": "STORE",
    "buildProfile": "production",
    "sdkVersion": "54.0.0",
    "appVersion": "1.0.53",
    "appBuildVersion": "63",
    "runtimeVersion": "110001e6ab27eef9b6a94544b625b59d9d8c837b",
    "gitCommitHash": "cfbb38c29db1ef04c7f7947d3ebc4328f1f107f3",
    "gitCommitMessage": "Bump packages (#1626)",
    "priority": "HIGH",
    "createdAt": "2025-10-16T18:56:00.208Z",
    "updatedAt": "2025-10-16T19:23:41.226Z",
    "completedAt": "2025-10-16T19:23:30.307Z",
    "expirationDate": "2025-11-15T18:56:00.235Z",
    "isForIosSimulator": false,
    "metrics": {
      "buildWaitTime": 181,
      "buildQueueTime": 56995,
      "buildDuration": 1592524
    }
  }
]




 NX   Successfully ran target build-list for project betterangels (3s)

      With additional flags:
        --platform=android
        --limit=1
        --json=true
        --interactive=false


